<html>
<body>
<pre>
<h1>礦ision Build Log</h1>
<h2>Tool Versions:</h2>
IDE-Version: μVision V5.36.0.0
Copyright (C) 2021 ARM Ltd and ARM Germany GmbH. All rights reserved.
License Information:  ,  , LIC=SDA0P-M244N-74LS0-BNMS5-GC9LG-VWJ7S
 
Tool Versions:
Toolchain:       MDK-ARM Plus  Version: 5.36.0.0
Toolchain Path:  D:\Program Files\Keil_v5\ARM\ARMCC\Bin
C Compiler:      Armcc.exe V5.06 update 7 (build 960)
Assembler:       Armasm.exe V5.06 update 7 (build 960)
Linker/Locator:  ArmLink.exe V5.06 update 7 (build 960)
Library Manager: ArmAr.exe V5.06 update 7 (build 960)
Hex Converter:   FromElf.exe V5.06 update 7 (build 960)
CPU DLL:         SARMCM3.DLL V5.36.0.0
Dialog DLL:      DCM.DLL V1.17.3.0
Target DLL:      Segger\JL2CM3.dll V2.99.40.0
Dialog DLL:      TCM.DLL V1.53.0.0
 
<h2>Project:</h2>
J:\必装\32\3-程序源码\0.开机例程\UCOSIII_emWin_DEMO\Project\RVMDK（uv5）\iSO-STM32.uvprojx
Project File Date:  04/06/2022

<h2>Output:</h2>
*** Using Compiler 'V5.06 update 7 (build 960)', folder: 'D:\Program Files\Keil_v5\ARM\ARMCC\Bin'
Rebuild target 'uCOS_emWin'
assembling startup_stm32f10x_hd.s...
compiling core_cm3.c...
compiling stm32f10x_adc.c...
compiling stm32f10x_crc.c...
compiling misc.c...
compiling stm32f10x_dbgmcu.c...
compiling stm32f10x_bkp.c...
compiling stm32f10x_cec.c...
compiling stm32f10x_dac.c...
compiling system_stm32f10x.c...
compiling stm32f10x_dma.c...
compiling stm32f10x_can.c...
compiling stm32f10x_exti.c...
compiling stm32f10x_flash.c...
compiling stm32f10x_fsmc.c...
compiling stm32f10x_iwdg.c...
compiling stm32f10x_gpio.c...
compiling stm32f10x_rtc.c...
compiling stm32f10x_i2c.c...
compiling stm32f10x_pwr.c...
compiling stm32f10x_rcc.c...
compiling stm32f10x_spi.c...
compiling stm32f10x_sdio.c...
compiling stm32f10x_usart.c...
assembling cpu_a.asm...
compiling stm32f10x_tim.c...
assembling lib_mem_a.asm...
compiling cpu_core.c...
compiling cpu_c.c...
compiling lib_ascii.c...
compiling lib_math.c...
compiling lib_mem.c...
compiling os_cfg_app.c...
compiling lib_str.c...
compiling os_core.c...
compiling stm32f10x_wwdg.c...
compiling os_dbg.c...
compiling os_mem.c...
compiling os_int.c...
compiling os_flag.c...
compiling os_msg.c...
compiling os_pend_multi.c...
compiling os_mutex.c...
compiling os_prio.c...
compiling os_q.c...
compiling os_sem.c...
assembling os_cpu_a.s...
compiling os_time.c...
compiling os_stat.c...
compiling os_task.c...
compiling os_tick.c...
compiling os_tmr.c...
compiling os_var.c...
compiling os_cpu_c.c...
compiling main.c...
compiling stm32f10x_it.c...
..\..\User\stm32f10x_it.c(239): warning:  #223-D: function "strstr" declared implicitly
  		ucTcpClosedFlag = strstr(strEsp8266_Fram_Record .Data_RX_BUF, "CLOSED\r\n" ) ? 1 : 0;
..\..\User\stm32f10x_it.c: 1 warning, 0 errors
compiling bsp_led.c...
compiling bsp_ili9341_lcd.c...
compiling bsp_usart1.c...
compiling bsp_xpt2046_lcd.c...
compiling fatfs_flash_spi.c...
compiling key.c...
compiling beep.c...
compiling bsp_breathing.c...
compiling TouchPad.c...
compiling bsp.c...
compiling bsp_date.c...
compiling bsp_rtc.c...
compiling bsp_i2c_gpio_ee.c...
compiling bsp_calendar.c...
compiling bsp_ov7725.c...
compiling bsp_sccb.c...
compiling bsp_i2c_ee.c...
compiling bsp_usart2.c...
compiling bsp_esp8266.c...
compiling os_app_hooks.c...
compiling pysearch.c...
compiling common.c...
..\..\User\common.c(59): warning:  #223-D: function "strlen" declared implicitly
  	k=strlen(src);
..\..\User\common.c: 1 warning, 0 errors
compiling appicon.c...
compiling app.c...
compiling sim900a.c...
compiling Touch_CalibrationApp.c...
..\..\User\app\Touch_CalibrationApp.c(192): warning:  #111-D: statement is unreachable
    _WaitForPressedState(0);
..\..\User\app\Touch_CalibrationApp.c: 1 warning, 0 errors
compiling Breathingapp.c...
compiling KEYapp.c...
compiling ADCapp.c...
..\..\User\app\ADCapp.c(234): warning:  #223-D: function "strlen" declared implicitly
      GUI_DispStringInRectEx(acText, &Rect, GUI_TA_HCENTER, strlen(acText), GUI_ROTATE_CCW);
..\..\User\app\ADCapp.c: 1 warning, 0 errors
compiling keypadapp.c...
compiling EEPROMapp.c...
compiling Wifi.c...
compiling Clockapp.c...
compiling USBapp.c...
compiling GUIConf.c...
compiling ff.c...
compiling diskio.c...
compiling Humitureapp.c...
compiling LCDConf_FlexColor_Template.c...
compiling GUI_X_Touch_Analog.c...
compiling Calculatorapp.c...
compiling Cameraapp.c...
compiling firecc936.c...
compiling Phoneapp.c...
..\..\User\app\Phoneapp.c(253): warning:  #870-D: invalid multibyte character sequence
  						TEXT_SetText(WM_GetDialogItem(pMsg->hWin, GUI_ID_TEXT1), "閫氳瘽涓?...");
..\..\User\app\Phoneapp.c(449): warning:  #870-D: invalid multibyte character sequence
  				TEXT_SetText(WM_GetDialogItem(hWin, GUI_ID_TEXT1),"鏂版潵鐢?...");
..\..\User\app\Phoneapp.c: 2 warnings, 0 errors
compiling UserApp.c...
compiling GUI_X_uCOS.c...
compiling Messageapp.c...
..\..\User\app\Messageapp.c(157): warning:  #223-D: function "memcpy" declared implicitly
  		memcpy(pStat,pContent,sizeof(char)*5);
..\..\User\app\Messageapp.c(216): warning:  #223-D: function "memcpy" declared implicitly
  		memcpy(pContacts,&pContent[5],sizeof(char)*20);
..\..\User\app\Messageapp.c(302): warning:  #223-D: function "strlen" declared implicitly
  	sim900a_sms_utf8(pContacts,contentedit,strlen(pContacts),MessageLen);
..\..\User\app\Messageapp.c(387): warning:  #870-D: invalid multibyte character sequence
  	TEXT_SetText(hText, "鑱旂郴浜?:");
..\..\User\app\Messageapp.c: 4 warnings, 0 errors
compiling usb_core.c...
compiling usb_init.c...
compiling usb_int.c...
compiling usb_mem.c...
compiling usb_sil.c...
compiling usb_regs.c...
compiling hw_config.c...
compiling scsi_data.c...
compiling usb_desc.c...
compiling mass_mal.c...
compiling usb_bot.c...
compiling memory.c...
compiling usb_istr.c...
compiling usb_prop.c...
compiling usb_pwr.c...
compiling usb_scsi.c...
compiling usb_endp.c...
linking...
Program Size: Code=184240 RO-data=168692 RW-data=3592 ZI-data=61536  
FromELF: creating hex file...
"..\..\Output\流水灯.axf" - 0 Error(s), 10 Warning(s).

<h2>Software Packages used:</h2>

Package Vendor: ARM
                http://www.keil.com/pack/ARM.CMSIS.5.8.0.pack
                ARM.CMSIS.5.8.0
                CMSIS (Common Microcontroller Software Interface Standard)
   * Component: CORE Version: 5.5.0

Package Vendor: Keil
                http://www.keil.com/pack/Keil.STM32F1xx_DFP.2.4.0.pack
                Keil.STM32F1xx_DFP.2.4.0
                STMicroelectronics STM32F1 Series Device Support, Drivers and Examples

<h2>Collection of Component include folders:</h2>
  .\RTE\_uCOS_emWin
  D:\Program Files\Keil_v5\ARM\CMSIS\5.8.0\CMSIS\Core\Include
  D:\Program Files\Keil_v5\Keil\STM32F1xx_DFP\2.4.0\Device\Include

<h2>Collection of Component Files used:</h2>

   * Component: ARM::CMSIS:CORE:5.5.0
Build Time Elapsed:  00:00:52
</pre>
</body>
</html>
